══ 1) 게임 보스와 짝지은 6종 — DB-15 변환 스킬 사용 시
  ENM_031 쇠를 먹는 불가사리(不可殺 A(클러치)  87% 16.0턴 최저HP  18% · B  33% · D   0%  충족
  ENM_032 승천하지 못한 이무기(강철 A(클러치)  81% 15.0턴 최저HP  16% · B  12% · D   1%  충족
  ENM_033 지리산 타락한 옛 산신령  A(클러치)  76% 16.0턴 최저HP  16% · B  18% · D   0%  충족
  ENM_038 신라 천년의 저주 아랑사령 F(5등급 원본)  91% 19.0턴 · H(4등급 세트)   9%  충족
  ENM_039 백두산 천지 화산 흑룡(黑 F(5등급 원본)  99% 17.7턴 · H(4등급 세트)  30%  충족
  ENM_042 조선왕조 전복의 원흉 정감 F(5등급 원본)  96% 16.7턴 · H(4등급 세트)  28%  충족

══ 2) 신규 보스 — 게임 목표에 맞춘 HP·ATK
  ENM_034 원한 맺힌 장화홍련의 계모 HP 2030→2030 ATK 83→83  A(클러치)  70% 16.0턴 최저HP  16% · B  29% · D   0%  충족
  ENM_035 두억시니 왕(야차 대군주) HP 1530→1530 ATK 71→71  A(클러치)  75% 15.3턴 최저HP  13% · B   3% · D   0%  충족
  ENM_036 동해 침몰 안택선 왜선주  HP 1910→1910 ATK 81→81  A(클러치)  89% 14.7턴 최저HP  17% · B  22% · D   0%  충족
  ENM_037 백두산 흑마술 도사(배교자 HP 1680→1680 ATK 63→63  A(클러치)  65% 16.0턴 최저HP  14% · B   5% · D   0%  충족
  ENM_040 호국신성을 집어삼킨 삼척  HP 3580→3580 ATK 137→137  F(5등급 원본)  99% 17.3턴 · H(4등급 세트)  29%  충족
  ENM_041 묘향산 서산대사 봉인 마왕 HP 3740→3740 ATK 189→189  F(5등급 원본)  94% 16.7턴 · H(4등급 세트)  23%  충족

══ 3) 일반 적 필드 조우 (1마리 ≥85%, 같은 적 3마리 50~90%)
  ENM_001 T1 초립동이 좀도둑       HP 43→76 ATK 10→18  1마리 100% · 3마리  66% 
  ENM_002 T1 갈재 화적패 졸개      HP 60→82 ATK 14→19  1마리 100% · 3마리  62% 
  ENM_003 T1 굶주린 들개 무리      HP 55→67 ATK 15→18  1마리 100% · 3마리  76% 
  ENM_004 T1 야산 멧돼지         HP 80→72 ATK 16→14  1마리 100% · 3마리  76% 
  ENM_005 T1 어둑시니(그늘 요괴)    HP 48→75 ATK 13→20  1마리 100% · 3마리  66% 
  ENM_006 T1 도깨비 졸개(패랭이 도깨비 HP 50→64 ATK 12→15  1마리 100% · 3마리  62% 
  ENM_007 T1 물귀신(수살귀)       HP 51→53 ATK 14→14  1마리 100% · 3마리  68% 
  ENM_008 T1 달걀귀신(목 없는 달걀귀) HP 45→55 ATK 12→15  1마리 100% · 3마리  67% 
  ENM_009 T1 연안 밀무역 왜구 잔당   HP 64→77 ATK 17→20  1마리 100% · 3마리  73% 
  ENM_010 T1 음산한 묘지 도굴꾼     HP 53→78 ATK 13→19  1마리 100% · 3마리  58% 
  ENM_011 T2 갈재 화적패 두목      HP 220→224 ATK 26→26  1마리 100% · 2마리  67% 
  ENM_012 T2 야광귀(신발 도둑 귀신)  HP 180→112 ATK 28→17  1마리 100% · 3마리  71% 
  ENM_013 T2 창귀(虎伥, 호랑이의 망령 HP 121→107 ATK 24→21  1마리 100% · 3마리  66% 
  ENM_014 T2 장산범(모사 맹수)     HP 208→141 ATK 29→20  1마리 100% · 3마리  70% 
  ENM_015 T2 처녀귀신(손각시/원혼)   HP 120→135 ATK 22→25  1마리 100% · 3마리  73% 
  ENM_016 T2 타락한 포도청 포교     HP 192→157 ATK 26→21  1마리 100% · 3마리  59% 
  ENM_017 T2 그슨대(그늘 갓 요괴)   HP 164→145 ATK 22→19  1마리 100% · 3마리  71% 
  ENM_018 T2 조총 무장 왜구 두목    HP 181→182 ATK 31→31  1마리 100% · 2마리  70% 
  ENM_019 T2 동굴 토굴 백년 지네    HP 154→114 ATK 21→16  1마리 100% · 3마리  65% 
  ENM_020 T2 미치광이 폐사지 땡중    HP 197→201 ATK 25→26  1마리 100% · 3마리  68% 
  ENM_021 T3 두억시니(금쇄봉 도깨비)  HP 282→301 ATK 38→41  1마리 100% · 3마리  70% 
  ENM_022 T3 천년 묵은 백발 구미호   HP 320→252 ATK 42→33  1마리 100% · 3마리  69% 
  ENM_023 T3 지리산 식인 백호      HP 308→347 ATK 43→48  1마리 100% · 3마리  71% 
  ENM_024 T3 묘향산 탈영 착호갑사    HP 263→424 ATK 36→58  1마리 100% · 2마리  73% 
  ENM_025 T3 강철이(깡철이/비 요괴)  HP 293→366 ATK 34→42  1마리 100% · 3마리  70% 
  ENM_026 T3 지하 십왕전 탈주 사령   HP 244→269 ATK 37→41  1마리 100% · 3마리  81% 
  ENM_027 T3 대동강 변 변절 수군 만호 HP 271→546 ATK 35→71  1마리 100% · 2마리  67% 
  ENM_028 T3 백두대간 식인 큰곰     HP 357→359 ATK 41→41  1마리 100% · 3마리  71% 
  ENM_029 T3 동해 왜구 흑룡단 수괴   HP 278→407 ATK 40→59  1마리 100% · 2마리  65% 
  ENM_030 T3 묘향산 도선 사교주     HP 248→431 ATK 32→56  1마리 100% · 2마리  64% 

══ 4) 인스턴스 풀코스 (DB-15 웨이브 그대로, 미니게임·정비 미사용)
  WAVE_001 T2 문경새재 조령 관문 화적패 소탕   83.3%
  WAVE_002 T2 동해 삼척 침몰선 안택선 인양 호  65.1%
  WAVE_003 T3 묘향산 단군굴 사교도 소탕전     78.0%
  WAVE_004 T4 지리산 천왕봉 옛 산신령 진혼 참  75.3%
  WAVE_005 T4 송도 개성 옛터 불가사리 철기 봉  74.2%
  WAVE_006 T5 밀양 영남루 아랑사령 원혼 성불   95.7%
  WAVE_007 T5 백두산 천지 화산 흑룡 토벌     97.3%
  WAVE_008 T5 계룡산 신도안 천황봉 역천지마 토  96.8%

결과: PASS
